
> react-kavia@0.1.0 start
> react-scripts start

(node:539) [DEP_WEBPACK_DEV_SERVER_ON_AFTER_SETUP_MIDDLEWARE] DeprecationWarning: 'onAfterSetupMiddleware' option is deprecated. Please use the 'setupMiddlewares' option.
(Use `node --trace-deprecation ...` to show where the warning was created)
(node:539) [DEP_WEBPACK_DEV_SERVER_ON_BEFORE_SETUP_MIDDLEWARE] DeprecationWarning: 'onBeforeSetupMiddleware' option is deprecated. Please use the 'setupMiddlewares' option.
Starting the development server...

Compiled successfully!

You can now view react-kavia in the browser.

  Local:            http://localhost:3000
  On Your Network:  http://172.17.0.2:3000

Note that the development build is not optimized.
To create a production build, use npm run build.

webpack compiled successfully
Compiling...
Failed to compile.

[eslint] 
src/App.js
Syntax error: Adjacent JSX elements must be wrapped in an enclosing tag. Did you want a JSX fragment <>...</>? (2:8) (2:8)
ERROR in ./src/App.js 19:0-53
Module not found: Error: Can't resolve '@supabase/supabase-js' in '/home/kavia/workspace/code-generation/studysync-24738-f859a3df/studysync_dashboard/src'

ERROR in [eslint] 
src/App.js
  Line 2:8:  Parsing error: Adjacent JSX elements must be wrapped in an enclosing tag. Did you want a JSX fragment <>...</>? (2:8)

webpack compiled with 2 errors
Compiling...
Failed to compile.

[eslint] 
src/App.js
Syntax error: Adjacent JSX elements must be wrapped in an enclosing tag. Did you want a JSX fragment <>...</>? (2:8) (2:8)
ERROR in ./src/App.js
Module build failed (from ./node_modules/babel-loader/lib/index.js):
SyntaxError: /home/kavia/workspace/code-generation/studysync-24738-f859a3df/studysync_dashboard/src/App.js: Adjacent JSX elements must be wrapped in an enclosing tag. Did you want a JSX fragment <>...</>? (2:8)

  1 |         <label className="block mb-1 font-semibold">Subject</label>
> 2 |         <input
    |         ^
  3 |           required
  4 |           className="border rounded p-2 w-full"
  5 |           value={subject}
    at constructor (/home/kavia/workspace/code-generation/studysync-24738-f859a3df/studysync_dashboard/node_modules/@babel/parser/lib/index.js:360:19)
    at FlowParserMixin.raise (/home/kavia/workspace/code-generation/studysync-24738-f859a3df/studysync_dashboard/node_modules/@babel/parser/lib/index.js:3327:19)
    at FlowParserMixin.jsxParseElementAt (/home/kavia/workspace/code-generation/studysync-24738-f859a3df/studysync_dashboard/node_modules/@babel/parser/lib/index.js:6915:18)
    at FlowParserMixin.jsxParseElement (/home/kavia/workspace/code-generation/studysync-24738-f859a3df/studysync_dashboard/node_modules/@babel/parser/lib/index.js:6922:17)
    at FlowParserMixin.parseExprAtom (/home/kavia/workspace/code-generation/studysync-24738-f859a3df/studysync_dashboard/node_modules/@babel/parser/lib/index.js:6932:19)
    at FlowParserMixin.parseExprSubscripts (/home/kavia/workspace/code-generation/studysync-24738-f859a3df/studysync_dashboard/node_modules/@babel/parser/lib/index.js:10758:23)
    at FlowParserMixin.parseUpdate (/home/kavia/workspace/code-generation/studysync-24738-f859a3df/studysync_dashboard/node_modules/@babel/parser/lib/index.js:10743:21)
    at FlowParserMixin.parseMaybeUnary (/home/kavia/workspace/code-generation/studysync-24738-f859a3df/studysync_dashboard/node_modules/@babel/parser/lib/index.js:10723:23)
    at FlowParserMixin.parseMaybeUnaryOrPrivate (/home/kavia/workspace/code-generation/studysync-24738-f859a3df/studysync_dashboard/node_modules/@babel/parser/lib/index.js:10576:61)
    at FlowParserMixin.parseExprOps (/home/kavia/workspace/code-generation/studysync-24738-f859a3df/studysync_dashboard/node_modules/@babel/parser/lib/index.js:10581:23)
    at FlowParserMixin.parseMaybeConditional (/home/kavia/workspace/code-generation/studysync-24738-f859a3df/studysync_dashboard/node_modules/@babel/parser/lib/index.js:10558:23)
    at FlowParserMixin.parseMaybeAssign (/home/kavia/workspace/code-generation/studysync-24738-f859a3df/studysync_dashboard/node_modules/@babel/parser/lib/index.js:10521:21)
    at /home/kavia/workspace/code-generation/studysync-24738-f859a3df/studysync_dashboard/node_modules/@babel/parser/lib/index.js:5722:39
    at FlowParserMixin.tryParse (/home/kavia/workspace/code-generation/studysync-24738-f859a3df/studysync_dashboard/node_modules/@babel/parser/lib/index.js:3665:20)
    at FlowParserMixin.parseMaybeAssign (/home/kavia/workspace/code-generation/studysync-24738-f859a3df/studysync_dashboard/node_modules/@babel/parser/lib/index.js:5722:18)
    at FlowParserMixin.parseExpressionBase (/home/kavia/workspace/code-generation/studysync-24738-f859a3df/studysync_dashboard/node_modules/@babel/parser/lib/index.js:10475:23)
    at /home/kavia/workspace/code-generation/studysync-24738-f859a3df/studysync_dashboard/node_modules/@babel/parser/lib/index.js:10471:39
    at FlowParserMixin.allowInAnd (/home/kavia/workspace/code-generation/studysync-24738-f859a3df/studysync_dashboard/node_modules/@babel/parser/lib/index.js:12095:16)
    at FlowParserMixin.parseExpression (/home/kavia/workspace/code-generation/studysync-24738-f859a3df/studysync_dashboard/node_modules/@babel/parser/lib/index.js:10471:17)
    at FlowParserMixin.parseStatementContent (/home/kavia/workspace/code-generation/studysync-24738-f859a3df/studysync_dashboard/node_modules/@babel/parser/lib/index.js:12539:23)
    at FlowParserMixin.parseStatementLike (/home/kavia/workspace/code-generation/studysync-24738-f859a3df/studysync_dashboard/node_modules/@babel/parser/lib/index.js:12406:17)
    at FlowParserMixin.parseStatementLike (/home/kavia/workspace/code-generation/studysync-24738-f859a3df/studysync_dashboard/node_modules/@babel/parser/lib/index.js:5140:24)
    at FlowParserMixin.parseModuleItem (/home/kavia/workspace/code-generation/studysync-24738-f859a3df/studysync_dashboard/node_modules/@babel/parser/lib/index.js:12383:17)
    at FlowParserMixin.parseBlockOrModuleBlockBody (/home/kavia/workspace/code-generation/studysync-24738-f859a3df/studysync_dashboard/node_modules/@babel/parser/lib/index.js:12960:36)
    at FlowParserMixin.parseBlockBody (/home/kavia/workspace/code-generation/studysync-24738-f859a3df/studysync_dashboard/node_modules/@babel/parser/lib/index.js:12953:10)
    at FlowParserMixin.parseProgram (/home/kavia/workspace/code-generation/studysync-24738-f859a3df/studysync_dashboard/node_modules/@babel/parser/lib/index.js:12280:10)
    at FlowParserMixin.parseTopLevel (/home/kavia/workspace/code-generation/studysync-24738-f859a3df/studysync_dashboard/node_modules/@babel/parser/lib/index.js:12270:25)
    at FlowParserMixin.parseTopLevel (/home/kavia/workspace/code-generation/studysync-24738-f859a3df/studysync_dashboard/node_modules/@babel/parser/lib/index.js:5909:28)
    at FlowParserMixin.parse (/home/kavia/workspace/code-generation/studysync-24738-f859a3df/studysync_dashboard/node_modules/@babel/parser/lib/index.js:14120:10)
    at parse (/home/kavia/workspace/code-generation/studysync-24738-f859a3df/studysync_dashboard/node_modules/@babel/parser/lib/index.js:14154:38)
    at parser (/home/kavia/workspace/code-generation/studysync-24738-f859a3df/studysync_dashboard/node_modules/@babel/core/lib/parser/index.js:41:34)
    at parser.next (<anonymous>)
    at normalizeFile (/home/kavia/workspace/code-generation/studysync-24738-f859a3df/studysync_dashboard/node_modules/@babel/core/lib/transformation/normalize-file.js:64:37)
    at normalizeFile.next (<anonymous>)
    at run (/home/kavia/workspace/code-generation/studysync-24738-f859a3df/studysync_dashboard/node_modules/@babel/core/lib/transformation/index.js:22:50)
    at run.next (<anonymous>)
    at transform (/home/kavia/workspace/code-generation/studysync-24738-f859a3df/studysync_dashboard/node_modules/@babel/core/lib/transform.js:22:33)
    at transform.next (<anonymous>)
    at step (/home/kavia/workspace/code-generation/studysync-24738-f859a3df/studysync_dashboard/node_modules/gensync/index.js:261:32)
    at /home/kavia/workspace/code-generation/studysync-24738-f859a3df/studysync_dashboard/node_modules/gensync/index.js:273:13
    at async.call.result.err.err (/home/kavia/workspace/code-generation/studysync-24738-f859a3df/studysync_dashboard/node_modules/gensync/index.js:223:11)

ERROR in [eslint] 
src/App.js
  Line 2:8:  Parsing error: Adjacent JSX elements must be wrapped in an enclosing tag. Did you want a JSX fragment <>...</>? (2:8)

webpack compiled with 2 errors
Compiling...
Failed to compile.

Module not found: Error: Can't resolve '@supabase/supabase-js' in '/home/kavia/workspace/code-generation/studysync-24738-f859a3df/studysync_dashboard/src'
WARNING in [eslint] 
src/App.js
  Line 1:38:    'useCallback' is defined but never used         no-unused-vars
  Line 22:10:   'daysUntil' is defined but never used           no-unused-vars
  Line 27:10:   'daysCountdownColor' is defined but never used  no-unused-vars
  Line 44:10:   'Auth' is defined but never used                no-unused-vars
  Line 146:10:  'Navbar' is defined but never used              no-unused-vars

ERROR in ./src/App.js 10:0-53
Module not found: Error: Can't resolve '@supabase/supabase-js' in '/home/kavia/workspace/code-generation/studysync-24738-f859a3df/studysync_dashboard/src'

ERROR in ./src/index.js 11:33-36
export 'default' (imported as 'App') was not found in './App' (module has no exports)

webpack compiled with 2 errors and 1 warning
Compiling...
Failed to compile.

Module not found: Error: Can't resolve '@supabase/supabase-js' in '/home/kavia/workspace/code-generation/studysync-24738-f859a3df/studysync_dashboard/src'
WARNING in [eslint] 
src/App.js
  Line 1:38:    'useCallback' is defined but never used         no-unused-vars
  Line 22:10:   'daysUntil' is defined but never used           no-unused-vars
  Line 27:10:   'daysCountdownColor' is defined but never used  no-unused-vars
  Line 44:10:   'Auth' is defined but never used                no-unused-vars
  Line 146:10:  'Navbar' is defined but never used              no-unused-vars

ERROR in ./src/App.js 10:0-53
Module not found: Error: Can't resolve '@supabase/supabase-js' in '/home/kavia/workspace/code-generation/studysync-24738-f859a3df/studysync_dashboard/src'

ERROR in ./src/index.js 11:33-36
export 'default' (imported as 'App') was not found in './App' (module has no exports)

webpack compiled with 2 errors and 1 warning
Compiling...
Failed to compile.

Module not found: Error: Can't resolve '@supabase/supabase-js' in '/home/kavia/workspace/code-generation/studysync-24738-f859a3df/studysync_dashboard/src'
LOG from webpack.FileSystemInfo
<w> Managed item /home/kavia/workspace/code-generation/studysync-24738-f859a3df/studysync_dashboard/node_modules/@supabase/supabase-js isn't a directory or doesn't contain a package.json (see snapshot.managedPaths option)
+ 13 hidden lines

WARNING in [eslint] 
src/App.js
  Line 1:38:    'useCallback' is defined but never used         no-unused-vars
  Line 22:10:   'daysUntil' is defined but never used           no-unused-vars
  Line 27:10:   'daysCountdownColor' is defined but never used  no-unused-vars
  Line 44:10:   'Auth' is defined but never used                no-unused-vars
  Line 146:10:  'Navbar' is defined but never used              no-unused-vars

ERROR in ./src/App.js 10:0-53
Module not found: Error: Can't resolve '@supabase/supabase-js' in '/home/kavia/workspace/code-generation/studysync-24738-f859a3df/studysync_dashboard/src'

ERROR in ./src/index.js 11:33-36
export 'default' (imported as 'App') was not found in './App' (module has no exports)

webpack compiled with 2 errors and 1 warning
Compiling...
Failed to compile.

Attempted import error: './App' does not contain a default export (imported as 'App').
WARNING in ./node_modules/@supabase/auth-js/dist/module/index.js
Module Warning (from ./node_modules/source-map-loader/dist/cjs.js):
Failed to parse source map from '/home/kavia/workspace/code-generation/studysync-24738-f859a3df/studysync_dashboard/node_modules/@supabase/auth-js/src/index.ts' file: Error: ENOENT: no such file or directory, open '/home/kavia/workspace/code-generation/studysync-24738-f859a3df/studysync_dashboard/node_modules/@supabase/auth-js/src/index.ts'

WARNING in ./node_modules/@supabase/supabase-js/dist/module/SupabaseClient.js
Module Warning (from ./node_modules/source-map-loader/dist/cjs.js):
Failed to parse source map from '/home/kavia/workspace/code-generation/studysync-24738-f859a3df/studysync_dashboard/node_modules/@supabase/supabase-js/dist/module/SupabaseClient.js.map' file: Error: ENOENT: no such file or directory, open '/home/kavia/workspace/code-generation/studysync-24738-f859a3df/studysync_dashboard/node_modules/@supabase/supabase-js/dist/module/SupabaseClient.js.map'

WARNING in ./node_modules/@supabase/supabase-js/dist/module/index.js
Module Warning (from ./node_modules/source-map-loader/dist/cjs.js):
Failed to parse source map from '/home/kavia/workspace/code-generation/studysync-24738-f859a3df/studysync_dashboard/node_modules/@supabase/supabase-js/dist/module/index.js.map' file: Error: ENOENT: no such file or directory, open '/home/kavia/workspace/code-generation/studysync-24738-f859a3df/studysync_dashboard/node_modules/@supabase/supabase-js/dist/module/index.js.map'

WARNING in [eslint] 
src/App.js
  Line 1:38:    'useCallback' is defined but never used         no-unused-vars
  Line 22:10:   'daysUntil' is defined but never used           no-unused-vars
  Line 27:10:   'daysCountdownColor' is defined but never used  no-unused-vars
  Line 44:10:   'Auth' is defined but never used                no-unused-vars
  Line 146:10:  'Navbar' is defined but never used              no-unused-vars

ERROR in ./src/index.js 11:33-36
export 'default' (imported as 'App') was not found in './App' (module has no exports)

webpack compiled with 1 error and 4 warnings
Compiling...
Failed to compile.

Attempted import error: './App' does not contain a default export (imported as 'App').
WARNING in ./node_modules/@supabase/auth-js/dist/module/index.js
Module Warning (from ./node_modules/source-map-loader/dist/cjs.js):
Failed to parse source map from '/home/kavia/workspace/code-generation/studysync-24738-f859a3df/studysync_dashboard/node_modules/@supabase/auth-js/src/index.ts' file: Error: ENOENT: no such file or directory, open '/home/kavia/workspace/code-generation/studysync-24738-f859a3df/studysync_dashboard/node_modules/@supabase/auth-js/src/index.ts'

WARNING in ./node_modules/@supabase/supabase-js/dist/module/SupabaseClient.js
Module Warning (from ./node_modules/source-map-loader/dist/cjs.js):
Failed to parse source map from '/home/kavia/workspace/code-generation/studysync-24738-f859a3df/studysync_dashboard/node_modules/@supabase/supabase-js/dist/module/SupabaseClient.js.map' file: Error: ENOENT: no such file or directory, open '/home/kavia/workspace/code-generation/studysync-24738-f859a3df/studysync_dashboard/node_modules/@supabase/supabase-js/dist/module/SupabaseClient.js.map'

WARNING in ./node_modules/@supabase/supabase-js/dist/module/index.js
Module Warning (from ./node_modules/source-map-loader/dist/cjs.js):
Failed to parse source map from '/home/kavia/workspace/code-generation/studysync-24738-f859a3df/studysync_dashboard/node_modules/@supabase/supabase-js/dist/module/index.js.map' file: Error: ENOENT: no such file or directory, open '/home/kavia/workspace/code-generation/studysync-24738-f859a3df/studysync_dashboard/node_modules/@supabase/supabase-js/dist/module/index.js.map'

WARNING in [eslint] 
src/App.js
  Line 1:38:    'useCallback' is defined but never used         no-unused-vars
  Line 22:10:   'daysUntil' is defined but never used           no-unused-vars
  Line 27:10:   'daysCountdownColor' is defined but never used  no-unused-vars
  Line 44:10:   'Auth' is defined but never used                no-unused-vars
  Line 146:10:  'Navbar' is defined but never used              no-unused-vars

ERROR in ./src/index.js 11:33-36
export 'default' (imported as 'App') was not found in './App' (module has no exports)

webpack compiled with 1 error and 4 warnings
Compiling...
